 TITANIUM                                                                



      KEY   TOL     THRESH   MESH  IPRATT  MAXIT  KUT   RADION     RATIO      ALPHA
       0   0.0010  0.000010  441      1     50     0   0.0000000  1.0000000  0.7000000

       100  2.000000      -360.770
       200  2.000000       -40.521
       210  6.000000       -34.279
       300  2.000000        -4.981
       310  6.000000        -3.276
       400  2.000000        -0.458
       320  2.000000        -0.628
  ITER    Z       DELTA        I(DEL)    X(DEL)    I(CUT)    X(CUT)
    1   22.0  8.20251465E-01     202     3.1800      277    12.0600


       100  2.000000      -356.981
       200  2.000000       -39.210
       210  6.000000       -32.879
       300  2.000000        -4.500
       310  6.000000        -2.821
       400  2.000000        -0.382
       320  2.000000        -0.287
  ITER    Z       DELTA        I(DEL)    X(DEL)    I(CUT)    X(CUT)
    2   22.0  2.40306854E-01     177     2.1400      266    10.3000


       100  2.000000      -355.661
       200  2.000000       -39.189
       210  6.000000       -32.863
       300  2.000000        -4.603
       310  6.000000        -2.926
       400  2.000000        -0.403
       320  2.000000        -0.393
  ITER    Z       DELTA        I(DEL)    X(DEL)    I(CUT)    X(CUT)
    3   22.0  8.80717039E-02     277    12.0600      266    10.3000


       100  2.000000      -355.312
       200  2.000000       -39.084
       210  6.000000       -32.748
       300  2.000000        -4.564
       310  6.000000        -2.890
       400  2.000000        -0.397
       320  2.000000        -0.372
  ITER    Z       DELTA        I(DEL)    X(DEL)    I(CUT)    X(CUT)
    4   22.0  3.03859711E-02     168     1.7800      265    10.1400


       100  2.000000      -355.174
       200  2.000000       -39.079
       210  6.000000       -32.742
       300  2.000000        -4.572
       310  6.000000        -2.898
       400  2.000000        -0.398
       320  2.000000        -0.379
  ITER    Z       DELTA        I(DEL)    X(DEL)    I(CUT)    X(CUT)
    5   22.0  1.09627247E-02     263     9.8200      265    10.1400


       100  2.000000      -355.141
       200  2.000000       -39.069
       210  6.000000       -32.732
       300  2.000000        -4.569
       310  6.000000        -2.895
       400  2.000000        -0.397
       320  2.000000        -0.377
  ITER    Z       DELTA        I(DEL)    X(DEL)    I(CUT)    X(CUT)
    6   22.0  4.56523895E-03     165     1.6600      265    10.1400


       100  2.000000      -355.131
       200  2.000000       -39.068
       210  6.000000       -32.730
       300  2.000000        -4.569
       310  6.000000        -2.896
       400  2.000000        -0.397
       320  2.000000        -0.378
  ITER    Z       DELTA        I(DEL)    X(DEL)    I(CUT)    X(CUT)
    7   22.0  1.37066841E-03     263     9.8200      265    10.1400


       100  2.000000      -355.127
       200  2.000000       -39.067
       210  6.000000       -32.729
       300  2.000000        -4.569
       310  6.000000        -2.895
       400  2.000000        -0.397
       320  2.000000        -0.378
  ITER    Z       DELTA        I(DEL)    X(DEL)    I(CUT)    X(CUT)
    8   22.0  9.00268555E-04     165     1.6600      265    10.1400


